[] === INICIO PROCESO MARCAR VISITAS VENCIDAS ===
[] Fecha/hora actual: 
[] VISITAS VENCIDAS ENCONTRADAS: 1
[] VISITAS VENCIDAS ACTUALIZADAS: 1
[] Fin de actualizacion de visitas vencidas
[] === RESUMEN ===
[] Total procesadas: 1
[] Actualizadas exitosamente: 
[] === PROCESO FINALIZADO ===

[2026-03-20 11:25:01] === INICIO PROCESO MARCAR VISITAS VENCIDAS ===
[2026-03-20 11:25:01] Fecha/hora actual: 
[2026-03-20 11:25:01] VISITAS VENCIDAS ENCONTRADAS: 1
[2026-03-20 11:25:01] VISITAS VENCIDAS ACTUALIZADAS: 1
[2026-03-20 11:25:01] Fin de actualizacion de visitas vencidas
[2026-03-20 11:25:01] === RESUMEN ===
[2026-03-20 11:25:01] Total procesadas: 1
[2026-03-20 11:25:01] Actualizadas exitosamente: 
[2026-03-20 11:25:01] === PROCESO FINALIZADO ===

[2026-03-20 11:30:01] === INICIO PROCESO MARCAR VISITAS VENCIDAS ===
[2026-03-20 11:30:01] Fecha/hora actual: 
[2026-03-20 11:30:01] VISITAS VENCIDAS ENCONTRADAS: 0
[2026-03-20 11:30:01] Fin de actualizacion de visitas vencidas
[2026-03-20 11:30:01] === RESUMEN ===
[2026-03-20 11:30:01] Total procesadas: 0
[2026-03-20 11:30:01] Actualizadas exitosamente: 
[2026-03-20 11:30:01] === PROCESO FINALIZADO ===

[2026-03-20 11:35:01] === INICIO PROCESO MARCAR VISITAS VENCIDAS ===
[2026-03-20 11:35:01] VISITAS VENCIDAS ENCONTRADAS: 0
[2026-03-20 11:35:01] Fin de actualizacion de visitas vencidas
[2026-03-20 11:35:01] === RESUMEN ===
[2026-03-20 11:35:01] Total procesadas: 0
[2026-03-20 11:35:01] Actualizadas exitosamente: 
[2026-03-20 11:35:01] === PROCESO FINALIZADO ===

[2026-03-20 11:40:01] === INICIO PROCESO MARCAR VISITAS VENCIDAS ===
[2026-03-20 11:40:01] VISITAS VENCIDAS ENCONTRADAS: 0
[2026-03-20 11:40:01] Fin de actualizacion de visitas vencidas
[2026-03-20 11:40:01] === RESUMEN ===
[2026-03-20 11:40:01] Total procesadas: 0
[2026-03-20 11:40:01] Actualizadas exitosamente: 
[2026-03-20 11:40:01] === PROCESO FINALIZADO ===

[2026-03-20 11:45:01] === INICIO PROCESO MARCAR VISITAS VENCIDAS ===
[2026-03-20 11:45:01] VISITAS VENCIDAS ENCONTRADAS: 0
[2026-03-20 11:45:01] Fin de actualizacion de visitas vencidas
[2026-03-20 11:45:01] === RESUMEN ===
[2026-03-20 11:45:01] Total procesadas: 0
[2026-03-20 11:45:01] Actualizadas exitosamente: 
[2026-03-20 11:45:01] === PROCESO FINALIZADO ===

[2026-03-20 11:50:01] === INICIO PROCESO MARCAR VISITAS VENCIDAS ===
[2026-03-20 11:50:01] VISITAS VENCIDAS ENCONTRADAS: 0
[2026-03-20 11:50:01] Fin de actualizacion de visitas vencidas
[2026-03-20 11:50:01] === RESUMEN ===
[2026-03-20 11:50:01] Total procesadas: 0
[2026-03-20 11:50:01] Actualizadas exitosamente: 
[2026-03-20 11:50:01] === PROCESO FINALIZADO ===

[2026-03-20 11:55:01] === INICIO PROCESO MARCAR VISITAS VENCIDAS ===
[2026-03-20 11:55:01] VISITAS VENCIDAS ENCONTRADAS: 0
[2026-03-20 11:55:01] Fin de actualizacion de visitas vencidas
[2026-03-20 11:55:01] === RESUMEN ===
[2026-03-20 11:55:01] Total procesadas: 0
[2026-03-20 11:55:01] Actualizadas exitosamente: 
[2026-03-20 11:55:01] === PROCESO FINALIZADO ===

[2026-03-20 12:00:01] === INICIO PROCESO MARCAR VISITAS VENCIDAS ===
[2026-03-20 12:00:01] VISITAS VENCIDAS ENCONTRADAS: 0
[2026-03-20 12:00:01] Fin de actualizacion de visitas vencidas
[2026-03-20 12:00:01] === RESUMEN ===
[2026-03-20 12:00:01] Total procesadas: 0
[2026-03-20 12:00:01] === PROCESO FINALIZADO ===

[2026-03-20 12:05:01] === INICIO PROCESO MARCAR VISITAS VENCIDAS ===
[2026-03-20 12:05:01] VISITAS VENCIDAS ENCONTRADAS: 0
[2026-03-20 12:05:01] Fin de actualizacion de visitas vencidas
[2026-03-20 12:05:01] === RESUMEN ===
[2026-03-20 12:05:01] Total procesadas: 0
[2026-03-20 12:05:01] === PROCESO FINALIZADO ===

[2026-03-20 12:10:01] === INICIO PROCESO MARCAR VISITAS VENCIDAS ===
[2026-03-20 12:10:01] VISITAS VENCIDAS ENCONTRADAS: 0
[2026-03-20 12:10:01] Fin de actualizacion de visitas vencidas
[2026-03-20 12:10:01] === RESUMEN ===
[2026-03-20 12:10:01] Total procesadas: 0
[2026-03-20 12:10:01] === PROCESO FINALIZADO ===

[2026-03-20 12:15:02] === INICIO PROCESO MARCAR VISITAS VENCIDAS ===
[2026-03-20 12:15:02] VISITAS VENCIDAS ENCONTRADAS: 0
[2026-03-20 12:15:02] Fin de actualizacion de visitas vencidas
[2026-03-20 12:15:02] === RESUMEN ===
[2026-03-20 12:15:02] Total procesadas: 0
[2026-03-20 12:15:02] === PROCESO FINALIZADO ===

[2026-03-20 12:20:01] === INICIO PROCESO MARCAR VISITAS VENCIDAS ===
[2026-03-20 12:20:01] VISITAS VENCIDAS ENCONTRADAS: 0
[2026-03-20 12:20:01] Fin de actualizacion de visitas vencidas
[2026-03-20 12:20:01] === RESUMEN ===
[2026-03-20 12:20:01] Total procesadas: 0
[2026-03-20 12:20:01] === PROCESO FINALIZADO ===

[2026-03-20 12:25:01] === INICIO PROCESO MARCAR VISITAS VENCIDAS ===
[2026-03-20 12:25:01] VISITAS VENCIDAS ENCONTRADAS: 0
[2026-03-20 12:25:01] Fin de actualizacion de visitas vencidas
[2026-03-20 12:25:01] === RESUMEN ===
[2026-03-20 12:25:01] Total procesadas: 0
[2026-03-20 12:25:01] === PROCESO FINALIZADO ===

[2026-03-20 12:30:01] === INICIO PROCESO MARCAR VISITAS VENCIDAS ===
[2026-03-20 12:30:01] VISITAS VENCIDAS ENCONTRADAS: 0
[2026-03-20 12:30:01] Fin de actualizacion de visitas vencidas
[2026-03-20 12:30:01] === RESUMEN ===
[2026-03-20 12:30:01] Total procesadas: 0
[2026-03-20 12:30:01] === PROCESO FINALIZADO ===

[2026-03-20 12:35:01] === INICIO PROCESO MARCAR VISITAS VENCIDAS ===
[2026-03-20 12:35:01] VISITAS VENCIDAS ENCONTRADAS: 0
[2026-03-20 12:35:01] Fin de actualizacion de visitas vencidas
[2026-03-20 12:35:01] === RESUMEN ===
[2026-03-20 12:35:01] Total procesadas: 0
[2026-03-20 12:35:01] === PROCESO FINALIZADO ===

[2026-03-20 12:40:01] === INICIO PROCESO MARCAR VISITAS VENCIDAS ===
[2026-03-20 12:40:01] VISITAS VENCIDAS ENCONTRADAS: 0
[2026-03-20 12:40:01] Fin de actualizacion de visitas vencidas
[2026-03-20 12:40:01] === RESUMEN ===
[2026-03-20 12:40:01] Total procesadas: 0
[2026-03-20 12:40:01] === PROCESO FINALIZADO ===

[2026-03-20 12:45:01] === INICIO PROCESO MARCAR VISITAS VENCIDAS ===
[2026-03-20 12:45:01] VISITAS VENCIDAS ENCONTRADAS: 0
[2026-03-20 12:45:01] Fin de actualizacion de visitas vencidas
[2026-03-20 12:45:01] === RESUMEN ===
[2026-03-20 12:45:01] Total procesadas: 0
[2026-03-20 12:45:01] === PROCESO FINALIZADO ===

[2026-03-20 12:50:01] === INICIO PROCESO MARCAR VISITAS VENCIDAS ===
[2026-03-20 12:50:01] VISITAS VENCIDAS ENCONTRADAS: 0
[2026-03-20 12:50:01] Fin de actualizacion de visitas vencidas
[2026-03-20 12:50:01] === RESUMEN ===
[2026-03-20 12:50:01] Total procesadas: 0
[2026-03-20 12:50:01] === PROCESO FINALIZADO ===

[2026-03-20 12:55:01] === INICIO PROCESO MARCAR VISITAS VENCIDAS ===
[2026-03-20 12:55:01] VISITAS VENCIDAS ENCONTRADAS: 0
[2026-03-20 12:55:01] Fin de actualizacion de visitas vencidas
[2026-03-20 12:55:01] === RESUMEN ===
[2026-03-20 12:55:01] Total procesadas: 0
[2026-03-20 12:55:01] === PROCESO FINALIZADO ===

[2026-03-20 13:00:01] === INICIO PROCESO MARCAR VISITAS VENCIDAS ===
[2026-03-20 13:00:01] VISITAS VENCIDAS ENCONTRADAS: 0
[2026-03-20 13:00:01] Fin de actualizacion de visitas vencidas
[2026-03-20 13:00:01] === RESUMEN ===
[2026-03-20 13:00:01] Total procesadas: 0
[2026-03-20 13:00:01] === PROCESO FINALIZADO ===

[2026-03-20 13:05:01] === INICIO PROCESO MARCAR VISITAS VENCIDAS ===
[2026-03-20 13:05:01] VISITAS VENCIDAS ENCONTRADAS: 0
[2026-03-20 13:05:01] Fin de actualizacion de visitas vencidas
[2026-03-20 13:05:01] === RESUMEN ===
[2026-03-20 13:05:01] Total procesadas: 0
[2026-03-20 13:05:01] === PROCESO FINALIZADO ===

[2026-03-20 13:10:01] === INICIO PROCESO MARCAR VISITAS VENCIDAS ===
[2026-03-20 13:10:01] VISITAS VENCIDAS ENCONTRADAS: 0
[2026-03-20 13:10:01] Fin de actualizacion de visitas vencidas
[2026-03-20 13:10:01] === RESUMEN ===
[2026-03-20 13:10:01] Total procesadas: 0
[2026-03-20 13:10:01] === PROCESO FINALIZADO ===

[2026-03-20 13:15:02] === INICIO PROCESO MARCAR VISITAS VENCIDAS ===
[2026-03-20 13:15:02] VISITAS VENCIDAS ENCONTRADAS: 0
[2026-03-20 13:15:02] Fin de actualizacion de visitas vencidas
[2026-03-20 13:15:02] === RESUMEN ===
[2026-03-20 13:15:02] Total procesadas: 0
[2026-03-20 13:15:02] === PROCESO FINALIZADO ===

[2026-03-20 13:20:01] === INICIO PROCESO MARCAR VISITAS VENCIDAS ===
[2026-03-20 13:20:01] VISITAS VENCIDAS ENCONTRADAS: 0
[2026-03-20 13:20:01] Fin de actualizacion de visitas vencidas
[2026-03-20 13:20:01] === RESUMEN ===
[2026-03-20 13:20:01] Total procesadas: 0
[2026-03-20 13:20:01] === PROCESO FINALIZADO ===

[2026-03-20 13:25:01] === INICIO PROCESO MARCAR VISITAS VENCIDAS ===
[2026-03-20 13:25:01] VISITAS VENCIDAS ENCONTRADAS: 0
[2026-03-20 13:25:01] Fin de actualizacion de visitas vencidas
[2026-03-20 13:25:01] === RESUMEN ===
[2026-03-20 13:25:01] Total procesadas: 0
[2026-03-20 13:25:01] === PROCESO FINALIZADO ===

[2026-03-20 13:30:01] === INICIO PROCESO MARCAR VISITAS VENCIDAS ===
[2026-03-20 13:30:01] VISITAS VENCIDAS ENCONTRADAS: 0
[2026-03-20 13:30:01] Fin de actualizacion de visitas vencidas
[2026-03-20 13:30:01] === RESUMEN ===
[2026-03-20 13:30:01] Total procesadas: 0
[2026-03-20 13:30:01] === PROCESO FINALIZADO ===

[2026-03-20 13:35:01] === INICIO PROCESO MARCAR VISITAS VENCIDAS ===
[2026-03-20 13:35:01] VISITAS VENCIDAS ENCONTRADAS: 0
[2026-03-20 13:35:01] Fin de actualizacion de visitas vencidas
[2026-03-20 13:35:01] === RESUMEN ===
[2026-03-20 13:35:01] Total procesadas: 0
[2026-03-20 13:35:01] === PROCESO FINALIZADO ===

[2026-03-23 10:52:31] === INICIO PROCESO MARCAR VISITAS VENCIDAS ===
[2026-03-23 10:52:31] VISITAS VENCIDAS ENCONTRADAS: 2
[2026-03-23 10:52:31] VISITAS VENCIDAS ACTUALIZADAS: 2
[2026-03-23 10:52:31] Fin de actualizacion de visitas vencidas
[2026-03-23 10:52:31] === RESUMEN ===
[2026-03-23 10:52:31] Total procesadas: 2
[2026-03-23 10:52:31] === PROCESO FINALIZADO ===

[2026-03-24 10:42:58] === INICIO PROCESO MARCAR VISITAS VENCIDAS ===
[2026-03-24 10:42:58] VISITAS VENCIDAS ENCONTRADAS: 0
[2026-03-24 10:42:58] Fin de actualizacion de visitas vencidas
[2026-03-24 10:42:58] === RESUMEN ===
[2026-03-24 10:42:58] Total procesadas: 0
[2026-03-24 10:42:58] === PROCESO FINALIZADO ===

[2026-03-24 11:42:58] === INICIO PROCESO MARCAR VISITAS VENCIDAS ===
[2026-03-24 11:42:58] VISITAS VENCIDAS ENCONTRADAS: 0
[2026-03-24 11:42:58] Fin de actualizacion de visitas vencidas
[2026-03-24 11:42:58] === RESUMEN ===
[2026-03-24 11:42:58] Total procesadas: 0
[2026-03-24 11:42:58] === PROCESO FINALIZADO ===

[2026-03-24 12:42:58] === INICIO PROCESO MARCAR VISITAS VENCIDAS ===
[2026-03-24 12:42:58] VISITAS VENCIDAS ENCONTRADAS: 0
[2026-03-24 12:42:58] Fin de actualizacion de visitas vencidas
[2026-03-24 12:42:58] === RESUMEN ===
[2026-03-24 12:42:58] Total procesadas: 0
[2026-03-24 12:42:58] === PROCESO FINALIZADO ===

[2026-03-24 13:42:59] === INICIO PROCESO MARCAR VISITAS VENCIDAS ===
[2026-03-24 13:42:59] VISITAS VENCIDAS ENCONTRADAS: 0
[2026-03-24 13:42:59] Fin de actualizacion de visitas vencidas
[2026-03-24 13:42:59] === RESUMEN ===
[2026-03-24 13:42:59] Total procesadas: 0
[2026-03-24 13:42:59] === PROCESO FINALIZADO ===

[2026-03-25 10:42:57] === INICIO PROCESO MARCAR VISITAS VENCIDAS ===
[2026-03-25 10:42:57] VISITAS VENCIDAS ENCONTRADAS: 0
[2026-03-25 10:42:57] Fin de actualizacion de visitas vencidas
[2026-03-25 10:42:57] === RESUMEN ===
[2026-03-25 10:42:57] Total procesadas: 0
[2026-03-25 10:42:57] === PROCESO FINALIZADO ===

[2026-03-25 11:42:57] === INICIO PROCESO MARCAR VISITAS VENCIDAS ===
[2026-03-25 11:42:57] VISITAS VENCIDAS ENCONTRADAS: 0
[2026-03-25 11:42:57] Fin de actualizacion de visitas vencidas
[2026-03-25 11:42:57] === RESUMEN ===
[2026-03-25 11:42:57] Total procesadas: 0
[2026-03-25 11:42:57] === PROCESO FINALIZADO ===

[2026-03-25 12:42:57] === INICIO PROCESO MARCAR VISITAS VENCIDAS ===
[2026-03-25 12:42:57] VISITAS VENCIDAS ENCONTRADAS: 0
[2026-03-25 12:42:57] Fin de actualizacion de visitas vencidas
[2026-03-25 12:42:57] === RESUMEN ===
[2026-03-25 12:42:57] Total procesadas: 0
[2026-03-25 12:42:57] === PROCESO FINALIZADO ===

[2026-03-25 13:42:58] === INICIO PROCESO MARCAR VISITAS VENCIDAS ===
[2026-03-25 13:42:58] VISITAS VENCIDAS ENCONTRADAS: 0
[2026-03-25 13:42:58] Fin de actualizacion de visitas vencidas
[2026-03-25 13:42:58] === RESUMEN ===
[2026-03-25 13:42:58] Total procesadas: 0
[2026-03-25 13:42:58] === PROCESO FINALIZADO ===

[2026-03-26 10:42:57] === INICIO PROCESO MARCAR VISITAS VENCIDAS ===
[2026-03-26 10:42:57] VISITAS VENCIDAS ENCONTRADAS: 0
[2026-03-26 10:42:57] Fin de actualizacion de visitas vencidas
[2026-03-26 10:42:57] === RESUMEN ===
[2026-03-26 10:42:57] Total procesadas: 0
[2026-03-26 10:42:57] === PROCESO FINALIZADO ===

[2026-03-26 11:42:56] === INICIO PROCESO MARCAR VISITAS VENCIDAS ===
[2026-03-26 11:42:56] VISITAS VENCIDAS ENCONTRADAS: 0
[2026-03-26 11:42:56] Fin de actualizacion de visitas vencidas
[2026-03-26 11:42:56] === RESUMEN ===
[2026-03-26 11:42:56] Total procesadas: 0
[2026-03-26 11:42:56] === PROCESO FINALIZADO ===

[2026-03-26 12:42:56] === INICIO PROCESO MARCAR VISITAS VENCIDAS ===
[2026-03-26 12:42:56] VISITAS VENCIDAS ENCONTRADAS: 0
[2026-03-26 12:42:56] Fin de actualizacion de visitas vencidas
[2026-03-26 12:42:56] === RESUMEN ===
[2026-03-26 12:42:56] Total procesadas: 0
[2026-03-26 12:42:56] === PROCESO FINALIZADO ===

[2026-03-26 13:42:56] === INICIO PROCESO MARCAR VISITAS VENCIDAS ===
[2026-03-26 13:42:56] VISITAS VENCIDAS ENCONTRADAS: 0
[2026-03-26 13:42:56] Fin de actualizacion de visitas vencidas
[2026-03-26 13:42:56] === RESUMEN ===
[2026-03-26 13:42:56] Total procesadas: 0
[2026-03-26 13:42:56] === PROCESO FINALIZADO ===

[2026-03-27 10:42:58] === INICIO PROCESO MARCAR VISITAS VENCIDAS ===
[2026-03-27 10:42:58] VISITAS VENCIDAS ENCONTRADAS: 0
[2026-03-27 10:42:58] Fin de actualizacion de visitas vencidas
[2026-03-27 10:42:58] === RESUMEN ===
[2026-03-27 10:42:58] Total procesadas: 0
[2026-03-27 10:42:58] === PROCESO FINALIZADO ===

[2026-03-27 11:42:57] === INICIO PROCESO MARCAR VISITAS VENCIDAS ===
[2026-03-27 11:42:57] VISITAS VENCIDAS ENCONTRADAS: 0
[2026-03-27 11:42:57] Fin de actualizacion de visitas vencidas
[2026-03-27 11:42:57] === RESUMEN ===
[2026-03-27 11:42:57] Total procesadas: 0
[2026-03-27 11:42:57] === PROCESO FINALIZADO ===

[2026-03-27 13:22:16] === INICIO PROCESO MARCAR VISITAS VENCIDAS ===
[2026-03-27 13:22:16] VISITAS VENCIDAS ENCONTRADAS: 0
[2026-03-27 13:22:16] Fin de actualizacion de visitas vencidas
[2026-03-27 13:22:16] === RESUMEN ===
[2026-03-27 13:22:16] Total procesadas: 0
[2026-03-27 13:22:16] === PROCESO FINALIZADO ===

[2026-03-27 13:42:57] === INICIO PROCESO MARCAR VISITAS VENCIDAS ===
[2026-03-27 13:42:57] VISITAS VENCIDAS ENCONTRADAS: 0
[2026-03-27 13:42:57] Fin de actualizacion de visitas vencidas
[2026-03-27 13:42:57] === RESUMEN ===
[2026-03-27 13:42:57] Total procesadas: 0
[2026-03-27 13:42:57] === PROCESO FINALIZADO ===

[2026-03-30 10:42:58] === INICIO PROCESO MARCAR VISITAS VENCIDAS ===
[2026-03-30 10:42:58] VISITAS VENCIDAS ENCONTRADAS: 0
[2026-03-30 10:42:58] Fin de actualizacion de visitas vencidas
[2026-03-30 10:42:58] === RESUMEN ===
[2026-03-30 10:42:58] Total procesadas: 0
[2026-03-30 10:42:58] === PROCESO FINALIZADO ===

[2026-03-30 11:42:57] === INICIO PROCESO MARCAR VISITAS VENCIDAS ===
[2026-03-30 11:42:57] VISITAS VENCIDAS ENCONTRADAS: 0
[2026-03-30 11:42:57] Fin de actualizacion de visitas vencidas
[2026-03-30 11:42:57] === RESUMEN ===
[2026-03-30 11:42:57] Total procesadas: 0
[2026-03-30 11:42:57] === PROCESO FINALIZADO ===

[2026-03-30 12:42:57] === INICIO PROCESO MARCAR VISITAS VENCIDAS ===
[2026-03-30 12:42:57] VISITAS VENCIDAS ENCONTRADAS: 0
[2026-03-30 12:42:57] Fin de actualizacion de visitas vencidas
[2026-03-30 12:42:57] === RESUMEN ===
[2026-03-30 12:42:57] Total procesadas: 0
[2026-03-30 12:42:57] === PROCESO FINALIZADO ===

[2026-03-30 18:00:36] === INICIO PROCESO MARCAR VISITAS VENCIDAS ===
[2026-03-30 18:00:36] VISITAS VENCIDAS ENCONTRADAS: 0
[2026-03-30 18:00:36] Fin de actualizacion de visitas vencidas
[2026-03-30 18:00:36] === RESUMEN ===
[2026-03-30 18:00:36] Total procesadas: 0
[2026-03-30 18:00:36] === PROCESO FINALIZADO ===

[2026-03-31 10:42:58] === INICIO PROCESO MARCAR VISITAS VENCIDAS ===
[2026-03-31 10:42:58] VISITAS VENCIDAS ENCONTRADAS: 0
[2026-03-31 10:42:58] Fin de actualizacion de visitas vencidas
[2026-03-31 10:42:58] === RESUMEN ===
[2026-03-31 10:42:58] Total procesadas: 0
[2026-03-31 10:42:58] === PROCESO FINALIZADO ===

[2026-03-31 11:42:57] === INICIO PROCESO MARCAR VISITAS VENCIDAS ===
[2026-03-31 11:42:57] VISITAS VENCIDAS ENCONTRADAS: 0
[2026-03-31 11:42:57] Fin de actualizacion de visitas vencidas
[2026-03-31 11:42:57] === RESUMEN ===
[2026-03-31 11:42:57] Total procesadas: 0
[2026-03-31 11:42:57] === PROCESO FINALIZADO ===

[2026-03-31 12:42:57] === INICIO PROCESO MARCAR VISITAS VENCIDAS ===
[2026-03-31 12:42:57] VISITAS VENCIDAS ENCONTRADAS: 0
[2026-03-31 12:42:57] Fin de actualizacion de visitas vencidas
[2026-03-31 12:42:57] === RESUMEN ===
[2026-03-31 12:42:57] Total procesadas: 0
[2026-03-31 12:42:57] === PROCESO FINALIZADO ===

[2026-03-31 13:42:57] === INICIO PROCESO MARCAR VISITAS VENCIDAS ===
[2026-03-31 13:42:57] VISITAS VENCIDAS ENCONTRADAS: 0
[2026-03-31 13:42:57] Fin de actualizacion de visitas vencidas
[2026-03-31 13:42:57] === RESUMEN ===
[2026-03-31 13:42:57] Total procesadas: 0
[2026-03-31 13:42:57] === PROCESO FINALIZADO ===

[2026-03-31 19:42:59] === INICIO PROCESO MARCAR VISITAS VENCIDAS ===
[2026-03-31 19:42:59] VISITAS VENCIDAS ENCONTRADAS: 0
[2026-03-31 19:42:59] Fin de actualizacion de visitas vencidas
[2026-03-31 19:42:59] === RESUMEN ===
[2026-03-31 19:42:59] Total procesadas: 0
[2026-03-31 19:42:59] === PROCESO FINALIZADO ===

[2026-03-31 20:42:58] === INICIO PROCESO MARCAR VISITAS VENCIDAS ===
[2026-03-31 20:42:58] VISITAS VENCIDAS ENCONTRADAS: 0
[2026-03-31 20:42:58] Fin de actualizacion de visitas vencidas
[2026-03-31 20:42:58] === RESUMEN ===
[2026-03-31 20:42:58] Total procesadas: 0
[2026-03-31 20:42:58] === PROCESO FINALIZADO ===

[2026-03-31 21:42:57] === INICIO PROCESO MARCAR VISITAS VENCIDAS ===
[2026-03-31 21:42:57] VISITAS VENCIDAS ENCONTRADAS: 0
[2026-03-31 21:42:57] Fin de actualizacion de visitas vencidas
[2026-03-31 21:42:57] === RESUMEN ===
[2026-03-31 21:42:57] Total procesadas: 0
[2026-03-31 21:42:57] === PROCESO FINALIZADO ===

[2026-03-31 22:43:00] === INICIO PROCESO MARCAR VISITAS VENCIDAS ===
[2026-03-31 22:43:00] VISITAS VENCIDAS ENCONTRADAS: 0
[2026-03-31 22:43:00] Fin de actualizacion de visitas vencidas
[2026-03-31 22:43:00] === RESUMEN ===
[2026-03-31 22:43:00] Total procesadas: 0
[2026-03-31 22:43:00] === PROCESO FINALIZADO ===

[2026-03-31 23:43:01] === INICIO PROCESO MARCAR VISITAS VENCIDAS ===
[2026-03-31 23:43:02] VISITAS VENCIDAS ENCONTRADAS: 0
[2026-03-31 23:43:02] Fin de actualizacion de visitas vencidas
[2026-03-31 23:43:02] === RESUMEN ===
[2026-03-31 23:43:02] Total procesadas: 0
[2026-03-31 23:43:02] === PROCESO FINALIZADO ===

[2026-04-01 00:42:58] === INICIO PROCESO MARCAR VISITAS VENCIDAS ===
[2026-04-01 00:42:58] VISITAS VENCIDAS ENCONTRADAS: 0
[2026-04-01 00:42:58] Fin de actualizacion de visitas vencidas
[2026-04-01 00:42:58] === RESUMEN ===
[2026-04-01 00:42:58] Total procesadas: 0
[2026-04-01 00:42:59] === PROCESO FINALIZADO ===

